001大智度論卷001-D08A-pb-kai-kw.docx.xml
002大智度論卷002-D08A-pb-kai-kw.docx.xml
003大智度論卷003-D08-pb-kai-kw.docx.xml
004大智度論卷004-D07-pb-kai-kw.docx.xml
005大智度論卷005-D08-pb-kai-kw.docx.xml
006大智度論卷006-D07-pb-kai-kw.docx.xml
007大智度論卷007-D09-pb-kai-kw.docx.xml
008大智度論卷008-D07-pb-kai-kw.docx.xml
009大智度論卷009-D07-pb-kai-kw.docx.xml
010大智度論卷010-D08-pb-kai-kw.docx.xml
011大智度論卷011-D08-pb-kai-kw.docx.xml
012大智度論卷012-D07-pb-kai-kw.docx.xml
013大智度論卷013-MP-02-pb-kai-kw.docx.xml
014大智度論卷014-MP-03-pb-kai-kw.docx.xml
015大智度論卷015-MP-04-pb-kai-kw.docx.xml
016大智度論卷016-MP-02-pb-kai-kw.docx.xml
017大智度論卷017-MP-03-pb-kai-kw.docx.xml
018大智度論卷018-MP-02-pb-kai-kw.docx.xml
019大智度論卷019-MP-03-pb-kai-kw.docx.xml
020大智度論卷020-MP-03-pb-kai-kw.docx.xml
021大智度論卷021-MP-03-pb-kai-kw.docx.xml
022大智度論卷022-MP-03-pb-kai-kw.docx.xml
023大智度論卷023-MP-02-pb-kai-kw.docx.xml
024大智度論卷024-MP-03-pb-kai-kw.docx.xml
025大智度論卷025-MP-03-pb-kai-kw.docx.xml
026大智度論卷026-MP-04-pb-kai-kw.docx.xml
027大智度論卷027-MP-06-pb-kai-kw.docx.xml
028大智度論卷028-MP-06-pb-kai-kw.docx.xml
029大智度論卷029-MP-04-pb-kai-kw.docx.xml
030大智度論卷030-MP-05-pb-kai-kw.docx.xml
031大智度論卷031-MP-06-pb-kai-kw.docx.xml
032大智度論卷032-MP-08-pb-kai-kw.docx.xml
033大智度論卷033-MP-05-pb-kai-kw.docx.xml
034大智度論卷034-MP-06-pb-kai-kw.docx.xml
035大智度論卷035-MP-07-pb-kai-kw.docx.xml
036大智度論卷036-MP-08-pb-kai-kw.docx.xml
037大智度論卷037-MP-07-pb-kai-kw.docx.xml
038大智度論卷038-MP-05-pb-kai-kw.docx.xml
039大智度論卷039-MP-05-pb-kai-kw.docx.xml
040大智度論卷040-MP-03-pb-kai-kw.docx.xml
041大智度論卷041-MP-05-pb-kai-kw.docx.xml
042大智度論卷042-MP-03-pb-kai-kw.docx.xml
043大智度論卷043-MP-03-pb-kai-kw.docx.xml
044大智度論卷044-MP-03-pb-kai-kw.docx.xml
045大智度論卷045-MP-04-pb-kai-kw.docx.xml
046大智度論卷046-MP-04-pb-kai-kw.docx.xml
047大智度論卷047-MP-03-pb-kai-kw.docx.xml
048大智度論卷048-MP-03-pb-kai-kw.docx.xml
049大智度論卷049-MP-04-pb-kai-kw.docx.xml
050大智度論卷050-MP-04-pb-kai-kw.docx.xml
051大智度論卷051-MP-04-pb-kai-kw.docx.xml
052大智度論卷052-MP-03-pb-kai-kw.docx.xml
053大智度論卷053-MP-07-pb-kai-kw.docx.xml
054大智度論卷054-MP-04-pb-kai-kw.docx.xml
055大智度論卷055-MP-05-pb-kai-kw.docx.xml
056大智度論卷056-MP-05-pb-kai-kw.docx.xml
057大智度論卷057-MP-03-pb-kai-kw.docx.xml
058大智度論卷058-MP-05-pb-kai-kw.docx.xml
059大智度論卷059-MP-05-pb-kai-kw.docx.xml
060大智度論卷060-MP-03-pb-kai-kw.docx.xml
061大智度論卷061-MP-05-pb-kai-kw.docx.xml
062大智度論卷062-MP-04-pb-kai-kw.docx.xml
063大智度論卷063-MP-05-pb-kai-kw.docx.xml
064大智度論卷064-MP-04-pb-kai-kw.docx.xml
065大智度論卷065-MP-04-pb-kai-kw.docx.xml
066大智度論卷066-MP-03-pb-kai-kw.docx.xml
067大智度論卷067-MP-06-pb-kai-kw.docx.xml
068大智度論卷068-MP-03-pb-kai-kw.docx.xml
069大智度論卷069-MP-02-pb-kai-kw.docx.xml
070大智度論卷070-MP-05-pb-kai-kw.docx.xml
071大智度論卷071-MP-04-pb-kai-kw.docx.xml
072大智度論卷072-MP-05-pb-kai-kw.docx.xml
073大智度論卷073-MP-03-pb-kai-kw.docx.xml
074大智度論卷074-MP-04-pb-kai-kw.docx.xml
075大智度論卷075-MP-03-pb-kai-kw.docx.xml
076大智度論卷076-MP-03-pb-kai-kw.docx.xml
077大智度論卷077-MP-05-pb-kai-kw.docx.xml
078大智度論卷078-MP-03-pb-kai-kw.docx.xml
079大智度論卷079-MP-03-pb-kai-kw.docx.xml
080大智度論卷080-MP-04-pb-kai-kw.docx.xml
081大智度論卷081-MP-06-pb-kai-kw.docx.xml
082大智度論卷082-MP-03-pb-kai-kw.docx.xml
083大智度論卷083-MP-02-pb-kai-kw.docx.xml
084大智度論卷084-MP-04-pb-kai-kw.docx.xml
085大智度論卷085-MP-04-pb-kai-kw.docx.xml
086大智度論卷086-MP-05-pb-kai-kw.docx.xml
087大智度論卷087-MP-03-pb-kai-kw.docx.xml
088大智度論卷088-MP-05-pb-kai-kw.docx.xml
089大智度論卷089-MP-05-pb-kai-kw.docx.xml
090大智度論卷090-MP-04-pb-kai-kw.docx.xml
091大智度論卷091-MP-04-pb-kai-kw.docx.xml
092大智度論卷092-MP-04-pb-kai-kw.docx.xml
093大智度論卷093-MP-04-pb-kai-kw.docx.xml
094大智度論卷094-MP-03-pb-kai-kw.docx.xml
095大智度論卷095-MP-05-pb-kai-kw.docx.xml
096大智度論卷096-MP-06-pb-kai-kw.docx.xml
097大智度論卷097-MP-05-pb-kai-kw.docx.xml
098大智度論卷098-MP-05-pb-kai-kw.docx.xml
099大智度論卷099-MP-06-pb-kai-kw.docx.xml
100大智度論卷100-MP-03-pb-kai-kw.docx.xml